- id: 1
  teamId: 'FRA'
  name: 'Antoine Dupond'
  id: 'FRA'
  name: 'XV de France'
  color: 'blue'
- id: 2
  teamId: 'ENG'
  name: 'Owen Farrell'
  id: 'ENG'
  name: 'England Rugby'
  color: 'white'
