player
- id: 1
  teamId: 'FRA'
  name: 'Antoine Dupond'
- id: 2
  teamId: 'ENG'
  name: 'Owen Farrell'
- id: 3
  teamId: NULL
  name: 'Tartempion'

team
- id: 'ENG'
  name: 'England Rugby'
  color: 'white'
- id: 'FRA'
  name: 'XV de France'
  color: 'blue'
